MAP
  NAME "NVDB"
  IMAGETYPE   PNG
  EXTENT      269646.879000 6133589.947000 917085.660000 7654982.170000
  SHAPEPATH   "."

  PROJECTION
    "init=epsg:3857"
  END

  CONFIG "MS_ERRORFILE" "mapserver.err"
  DEBUG 2

  WEB
    METADATA
      "wms_title" "NVDB"
      "wms_onlineresource" "http://mapproxy.openstreetmap.se/service?"
      "wms_enable_request" "*"
    END
  END

  LAYER
    NAME      "speeds"
    DATA      "ISA_20170425/ISA.shp"
    STATUS    ON
    TYPE      LINE
    PROJECTION
      AUTO
    END
    SYMBOLSCALEDENOM 15000
    CLASSITEM "HTHAST"
    CLASS
      NAME    "5"
      EXPRESSION "5"
      STYLE
        COLOR 170 253 126
        WIDTH 2
        MINWIDTH 1
        MAXWIDTH 8
      END
    END
    CLASS
      NAME    "20"
      EXPRESSION "20"
      STYLE
        COLOR 71 252 29
        WIDTH 2
        MINWIDTH 1
        MAXWIDTH 8
      END
    END
    CLASS
      NAME    "30"
      EXPRESSION "30"
      STYLE
        COLOR 156 233 255
        WIDTH 2
        MINWIDTH 1
        MAXWIDTH 8
      END
    END
    CLASS
      NAME    "40"
      EXPRESSION "40"
      STYLE
        COLOR 38 163 253
        WIDTH 2
        MINWIDTH 1
        MAXWIDTH 8
      END
    END
    CLASS
      NAME    "50"
      EXPRESSION "50"
      STYLE
        COLOR 191 176 253
        WIDTH 2
        MINWIDTH 1
        MAXWIDTH 8
      END
    END
    CLASS
      NAME    "60"
      EXPRESSION "60"
      STYLE
        COLOR 78 51 252
        WIDTH 3
        MINWIDTH 1
        MAXWIDTH 12
      END
    END
    CLASS
      NAME    "70"
      EXPRESSION "70"
      STYLE
        COLOR 255 253 140
        WIDTH 3
        MINWIDTH 1
        MAXWIDTH 12
      END
    END
    CLASS
      NAME    "80"
      EXPRESSION "80"
      STYLE
        COLOR 255 253 51
        WIDTH 3
        MINWIDTH 1
        MAXWIDTH 12
      END
    END
    CLASS
      NAME    "90"
      EXPRESSION "90"
      STYLE
        COLOR 250 177 111
        WIDTH 3
        MINWIDTH 1
        MAXWIDTH 12
      END
    END
    CLASS
      NAME    "100"
      EXPRESSION "100"
      STYLE
        COLOR 248 105 17
        WIDTH 4
        MINWIDTH 2
        MAXWIDTH 16
      END
    END
    CLASS
      NAME    "110"
      EXPRESSION "110"
      STYLE
        COLOR 249 131 178
        WIDTH 4
        MINWIDTH 2
        MAXWIDTH 16
      END
    END
    CLASS
      NAME    "120"
      EXPRESSION "120"
      STYLE
        COLOR 217 0 39
        WIDTH 4
        MINWIDTH 2
        MAXWIDTH 16
      END
    END
    CLASS
      NAME    "all"
      STYLE
        COLOR 0 0 0
        WIDTH 2
        MINWIDTH 1
        MAXWIDTH 4
      END
    END
  END

  LAYER
    NAME      "cycleways"
    DATA      "Cykelvagar_Sverige_170421/Cykelvagar_Sverige_170421.shp"
    EXTENT    277377.632000 6133739.032000 916327.324000 7537487.888000
    STATUS    ON
    TYPE      LINE
    PROJECTION
      AUTO
    END
    CLASS
      NAME    "all"
      STYLE
        COLOR 20 20 255
        WIDTH 1.0
        PATTERN 2.0 2.0 END
        MAXSCALEDENOM 50000
      END
    END
  END
END
